// Jest Snapshot v1, https://goo.gl/fbAQLP

exports[`it matches snapshot 1`] = `
<DocumentFragment>
  <div
    class="App"
  >
    <div>
      <form>
        <label
          for="backgroundColor"
        >
          Color
        </label>
        <input
          id="backgroundColor"
          name="backgroundColor"
          placeholder="Background Color"
          type="text"
          value=""
        />
        <label
          for="width"
        >
          Width
        </label>
        <input
          id="width"
          name="width"
          placeholder="Width"
          type="number"
          value=""
        />
        <label
          for="height"
        >
          Height
        </label>
        <input
          id="height"
          name="height"
          placeholder="Height"
          type="number"
          value=""
        />
        <button>
          Add Box
        </button>
      </form>
      <div />
    </div>
  </div>
</DocumentFragment>
`;
